// Jest Snapshot v1, https://goo.gl/fbAQLP

exports[`Rendering 3 1`] = `
Array [
  <div
    className="Heading"
  >
    <h2
      style={
        Object {
          "marginLeft": "100px",
        }
      }
    >
      Let's do some math!
    </h2>
  </div>,
  <div
    className="calculator"
  >
    <div
      className="display"
    >
      0
    </div>
    <div
      className="keypad"
    >
      <button
        className="button normal"
        onClick={[Function]}
        type="button"
      >
        AC
      </button>
      <button
        className="button normal"
        onClick={[Function]}
        type="button"
      >
        +/-
      </button>
      <button
        className="button normal"
        onClick={[Function]}
        type="button"
      >
        %
      </button>
      <button
        className="button orange"
        onClick={[Function]}
        type="button"
      >
        ÷
      </button>
      <button
        className="button normal"
        onClick={[Function]}
        type="button"
      >
        7
      </button>
      <button
        className="button normal"
        onClick={[Function]}
        type="button"
      >
        8
      </button>
      <button
        className="button normal"
        onClick={[Function]}
        type="button"
      >
        9
      </button>
      <button
        className="button orange"
        onClick={[Function]}
        type="button"
      >
        x
      </button>
      <button
        className="button normal"
        onClick={[Function]}
        type="button"
      >
        4
      </button>
      <button
        className="button normal"
        onClick={[Function]}
        type="button"
      >
        5
      </button>
      <button
        className="button normal"
        onClick={[Function]}
        type="button"
      >
        6
      </button>
      <button
        className="button orange"
        onClick={[Function]}
        type="button"
      >
        -
      </button>
      <button
        className="button normal"
        onClick={[Function]}
        type="button"
      >
        1
      </button>
      <button
        className="button normal"
        onClick={[Function]}
        type="button"
      >
        2
      </button>
      <button
        className="button normal"
        onClick={[Function]}
        type="button"
      >
        3
      </button>
      <button
        className="button orange"
        onClick={[Function]}
        type="button"
      >
        +
      </button>
      <button
        className="button large"
        onClick={[Function]}
        type="button"
      >
        0
      </button>
      <button
        className="button normal"
        onClick={[Function]}
        type="button"
      >
        .
      </button>
      <button
        className="button orange"
        onClick={[Function]}
        type="button"
      >
        =
      </button>
    </div>
  </div>,
]
`;
